com\foodfinder\backend\config\WebConfig.class
com\foodfinder\backend\config\WebConfig$1.class
com\foodfinder\backend\BackendApplication.class
com\foodfinder\backend\repository\ClaimRepository.class
com\foodfinder\backend\repository\UserRepository.class
com\foodfinder\backend\model\User.class
com\foodfinder\backend\config\GlobalExceptionHandler.class
com\foodfinder\backend\model\Role.class
com\foodfinder\backend\dto\LoginRequest.class
com\foodfinder\backend\service\ClaimService.class
com\foodfinder\backend\service\FoodDonationService.class
com\foodfinder\backend\config\ResourceNotFoundException.class
com\foodfinder\backend\controller\UserController.class
com\foodfinder\backend\service\UserService.class
com\foodfinder\backend\model\FoodDonation.class
com\foodfinder\backend\controller\FoodDonationController.class
com\foodfinder\backend\model\DonationStatus.class
com\foodfinder\backend\controller\ClaimController.class
com\foodfinder\backend\dto\ApiResponse.class
com\foodfinder\backend\model\Claim.class
com\foodfinder\backend\repository\FoodDonationRepository.class
