D:\Updatedfoodfinder\backend\src\main\java\com\foodfinder\backend\BackendApplication.java
D:\Updatedfoodfinder\backend\src\main\java\com\foodfinder\backend\config\GlobalExceptionHandler.java
D:\Updatedfoodfinder\backend\src\main\java\com\foodfinder\backend\config\ResourceNotFoundException.java
D:\Updatedfoodfinder\backend\src\main\java\com\foodfinder\backend\config\WebConfig.java
D:\Updatedfoodfinder\backend\src\main\java\com\foodfinder\backend\controller\ClaimController.java
D:\Updatedfoodfinder\backend\src\main\java\com\foodfinder\backend\controller\FoodDonationController.java
D:\Updatedfoodfinder\backend\src\main\java\com\foodfinder\backend\controller\UserController.java
D:\Updatedfoodfinder\backend\src\main\java\com\foodfinder\backend\dto\ApiResponse.java
D:\Updatedfoodfinder\backend\src\main\java\com\foodfinder\backend\dto\LoginRequest.java
D:\Updatedfoodfinder\backend\src\main\java\com\foodfinder\backend\model\Claim.java
D:\Updatedfoodfinder\backend\src\main\java\com\foodfinder\backend\model\DonationStatus.java
D:\Updatedfoodfinder\backend\src\main\java\com\foodfinder\backend\model\FoodDonation.java
D:\Updatedfoodfinder\backend\src\main\java\com\foodfinder\backend\model\Role.java
D:\Updatedfoodfinder\backend\src\main\java\com\foodfinder\backend\model\User.java
D:\Updatedfoodfinder\backend\src\main\java\com\foodfinder\backend\repository\ClaimRepository.java
D:\Updatedfoodfinder\backend\src\main\java\com\foodfinder\backend\repository\FoodDonationRepository.java
D:\Updatedfoodfinder\backend\src\main\java\com\foodfinder\backend\repository\UserRepository.java
D:\Updatedfoodfinder\backend\src\main\java\com\foodfinder\backend\service\ClaimService.java
D:\Updatedfoodfinder\backend\src\main\java\com\foodfinder\backend\service\FoodDonationService.java
D:\Updatedfoodfinder\backend\src\main\java\com\foodfinder\backend\service\UserService.java
